> Task :compose-webview:checkKotlinGradlePluginConfigurationErrors SKIPPED
> Task :compose-webview:generateComposeResClass UP-TO-DATE
> Task :compose-webview:generateExpectResourceCollectorsForCommonMain UP-TO-DATE
> Task :compose-webview:convertXmlValueResourcesForCommonMain NO-SOURCE
> Task :compose-webview:copyNonXmlValueResourcesForCommonMain NO-SOURCE
> Task :compose-webview:prepareComposeResourcesTaskForCommonMain NO-SOURCE
> Task :compose-webview:generateResourceAccessorsForCommonMain NO-SOURCE
> Task :compose-webview:transformCommonMainDependenciesMetadata UP-TO-DATE

> Task :compose-webview:compileCommonMainKotlinMetadata FAILED
w: KLIB resolver: Skipping '/Users/woocheolpark/Documents/Projects/compose-webview/compose-webview/build/kotlinTransformedMetadataLibraries/commonMain/org.jetbrains.kotlin-kotlin-stdlib-2.2.0-commonMain-3ud7Cw.klib'. Incompatible ABI version. The current default is '1.201.0', found '2.2.0'. The library was produced by '2.2.0-dev-15683' compiler.
e: KLIB resolver: Could not find "/Users/woocheolpark/Documents/Projects/compose-webview/compose-webview/build/kotlinTransformedMetadataLibraries/commonMain/org.jetbrains.kotlin-kotlin-stdlib-2.2.0-commonMain-3ud7Cw.klib" in [/Users/woocheolpark/Library/Application Support/kotlin/daemon]

FAILURE: Build failed with an exception.

* What went wrong:
Execution failed for task ':compose-webview:compileCommonMainKotlinMetadata'.
> A failure occurred while executing org.jetbrains.kotlin.compilerRunner.GradleCompilerRunnerWithWorkers$GradleKotlinCompilerWorkAction
   > Compilation error. See log for more details

* Try:
> Run with --stacktrace option to get the stack trace.
> Run with --info or --debug option to get more log output.
> Run with --scan to get full insights.
> Get more help at https://help.gradle.org.

BUILD FAILED in 461ms
4 actionable tasks: 1 executed, 3 up-to-date
